GIZMOSQL_ODBC_1.0 {
    global:
        SQLAllocHandle;
        SQLFreeHandle;
        SQLAllocEnv;
        SQLAllocConnect;
        SQLAllocStmt;
        SQLFreeEnv;
        SQLFreeConnect;
        SQLFreeStmt;
        SQLSetEnvAttr;
        SQLGetEnvAttr;
        SQLDriverConnect;
        SQLDriverConnectW;
        SQLConnect;
        SQLConnectW;
        SQLBrowseConnect;
        SQLBrowseConnectW;
        SQLDisconnect;
        SQLGetInfo;
        SQLGetInfoW;
        SQLSetConnectAttr;
        SQLSetConnectAttrW;
        SQLGetConnectAttr;
        SQLGetConnectAttrW;
        SQLGetFunctions;
        SQLEndTran;
        SQLNativeSql;
        SQLNativeSqlW;
        SQLPrepare;
        SQLPrepareW;
        SQLExecute;
        SQLExecDirect;
        SQLExecDirectW;
        SQLCancel;
        SQLFetch;
        SQLFetchScroll;
        SQLExtendedFetch;
        SQLGetData;
        SQLBindCol;
        SQLNumResultCols;
        SQLDescribeCol;
        SQLDescribeColW;
        SQLColAttribute;
        SQLColAttributeW;
        SQLRowCount;
        SQLMoreResults;
        SQLCloseCursor;
        SQLSetStmtAttr;
        SQLSetStmtAttrW;
        SQLGetStmtAttr;
        SQLGetStmtAttrW;
        SQLGetDescField;
        SQLGetDescFieldW;
        SQLSetDescField;
        SQLSetDescFieldW;
        SQLGetDescRec;
        SQLGetDescRecW;
        SQLSetDescRec;
        SQLCopyDesc;
        SQLTables;
        SQLTablesW;
        SQLColumns;
        SQLColumnsW;
        SQLGetTypeInfo;
        SQLGetTypeInfoW;
        SQLPrimaryKeys;
        SQLPrimaryKeysW;
        SQLForeignKeys;
        SQLForeignKeysW;
        SQLStatistics;
        SQLStatisticsW;
        SQLSpecialColumns;
        SQLSpecialColumnsW;
        SQLProcedures;
        SQLProceduresW;
        SQLProcedureColumns;
        SQLProcedureColumnsW;
        SQLTablePrivileges;
        SQLTablePrivilegesW;
        SQLColumnPrivileges;
        SQLColumnPrivilegesW;
        SQLGetDiagRec;
        SQLGetDiagRecW;
        SQLGetDiagField;
        SQLGetDiagFieldW;
        SQLError;
        SQLErrorW;
        SQLBindParameter;
        SQLDescribeParam;
        SQLParamData;
        SQLPutData;
        SQLNumParams;
        SQLGetCursorName;
        SQLGetCursorNameW;
        SQLSetCursorName;
        SQLSetCursorNameW;
        SQLBulkOperations;
        SQLSetPos;
        SQLSetScrollOptions;
        SQLParamOptions;
        SQLColAttributes;
        SQLColAttributesW;
        SQLGetConnectOption;
        SQLGetConnectOptionW;
        SQLSetConnectOption;
        SQLSetConnectOptionW;
        SQLGetStmtOption;
        SQLSetStmtOption;
        SQLTransact;
    local:
        *;
};
